Flow report for sdsdd
Thu Mar 29 13:23:05 2018
Quartus II 32-bit Version 13.0.0 Build 156 04/24/2013 SJ Web Edition


---------------------
; Table of Contents ;
---------------------
  1. Legal Notice
  2. Flow Summary
  3. Flow Settings
  4. Flow Non-Default Global Settings
  5. Flow Elapsed Time
  6. Flow OS Summary
  7. Flow Log
  8. Flow Messages
  9. Flow Suppressed Messages



----------------
; Legal Notice ;
----------------
Copyright (C) 1991-2013 Altera Corporation
Your use of Altera Corporation's design tools, logic functions 
and other software and tools, and its AMPP partner logic 
functions, and any output files from any of the foregoing 
(including device programming or simulation files), and any 
associated documentation or information are expressly subject 
to the terms and conditions of the Altera Program License 
Subscription Agreement, Altera MegaCore Function License 
Agreement, or other applicable license agreement, including, 
without limitation, that your use is for the sole purpose of 
programming logic devices manufactured by Altera and sold by 
Altera or its authorized distributors.  Please refer to the 
applicable agreement for further details.



+------------------------------------------------------------------------+
; Flow Summary                                                           ;
+---------------------------+--------------------------------------------+
; Flow Status               ; Successful - Thu Mar 29 13:23:01 2018      ;
; Quartus II 32-bit Version ; 13.0.0 Build 156 04/24/2013 SJ Web Edition ;
; Revision Name             ; sdsdd                                      ;
; Top-level Entity Name     ; sdsdd                                      ;
; Family                    ; MAX7000S                                   ;
; Device                    ; EPM7064STC44-10                            ;
; Timing Models             ; Final                                      ;
; Total macrocells          ; 64 / 64 ( 100 % )                          ;
; Total pins                ; 31 / 36 ( 86 % )                           ;
+---------------------------+--------------------------------------------+


+-----------------------------------------+
; Flow Settings                           ;
+-------------------+---------------------+
; Option            ; Setting             ;
+-------------------+---------------------+
; Start date & time ; 03/29/2018 13:22:56 ;
; Main task         ; Compilation         ;
; Revision Name     ; sdsdd               ;
+-------------------+---------------------+


+--------------------------------------------------------------------------------+
; Flow Non-Default Global Settings                                               ;
+--------------------------------------------------------------------------------+
Assignment Name : COMPILER_SIGNATURE_ID
Value           : 136361048797959.152230457606468
Default Value   : --
Entity Name     : --
Section Id      : --

Assignment Name : PROJECT_OUTPUT_DIRECTORY
Value           : output_files
Default Value   : --
Entity Name     : --
Section Id      : --
+--------------------------------------------------------------------------------+



+--------------------------------------------------------------------------------+
; Flow Elapsed Time                                                              ;
+--------------------------------------------------------------------------------+
Module Name                        : Analysis & Synthesis
Elapsed Time                       : 00:00:02
Average Processors Used            : 1.0
Peak Virtual Memory                : 405 MB
Total CPU Time (on all processors) : 00:00:01

Module Name                        : Fitter
Elapsed Time                       : 00:00:01
Average Processors Used            : 1.0
Peak Virtual Memory                : 404 MB
Total CPU Time (on all processors) : 00:00:01

Module Name                        : Assembler
Elapsed Time                       : 00:00:01
Average Processors Used            : 1.0
Peak Virtual Memory                : 384 MB
Total CPU Time (on all processors) : 00:00:01

Module Name                        : TimeQuest Timing Analyzer
Elapsed Time                       : 00:00:03
Average Processors Used            : 1.0
Peak Virtual Memory                : 366 MB
Total CPU Time (on all processors) : 00:00:02

Module Name                        : Total
Elapsed Time                       : 00:00:07
Average Processors Used            : --
Peak Virtual Memory                : --
Total CPU Time (on all processors) : 00:00:05
+--------------------------------------------------------------------------------+



+--------------------------------------------------------------------------------+
; Flow OS Summary                                                                ;
+--------------------------------------------------------------------------------+
Module Name      : Analysis & Synthesis
Machine Hostname : DESKTOP-6QTILUP
OS Name          : Windows 7
OS Version       : 6.2
Processor type   : x86_64

Module Name      : Fitter
Machine Hostname : DESKTOP-6QTILUP
OS Name          : Windows 7
OS Version       : 6.2
Processor type   : x86_64

Module Name      : Assembler
Machine Hostname : DESKTOP-6QTILUP
OS Name          : Windows 7
OS Version       : 6.2
Processor type   : x86_64

Module Name      : TimeQuest Timing Analyzer
Machine Hostname : DESKTOP-6QTILUP
OS Name          : Windows 7
OS Version       : 6.2
Processor type   : x86_64
+--------------------------------------------------------------------------------+



------------
; Flow Log ;
------------
quartus_map --read_settings_files=on --write_settings_files=off sdsdd -c sdsdd
quartus_fit --read_settings_files=off --write_settings_files=off sdsdd -c sdsdd
quartus_asm --read_settings_files=off --write_settings_files=off sdsdd -c sdsdd
quartus_sta sdsdd -c sdsdd



